=TABLE=ETL=ETL_STEP_DATE_LOG_ALL=
=TABLE=DPS=T_SYS_COLLECTION_LOG=
=TABLE=DPS=T_SYS_FILE_SHEET_TEMP=
=TABLE=DPS=T_SYS_FISCAL_LOCK_09172015012554813=
=TABLE=DPS=T_SYS_MONITOR_RELATION=
=TABLE=DPS=T_SYS_TEMPLATE_06042015092746577=
=TABLE=DPS=T_SYS_TEMPLATE_FILE_RELATION=
=TABLE=DPS=T_SYS_TEMPLATE_SHEET_RELATION=
=TABLE=DPS=T_SYS_TEMPLATE_TABLE_COLUMN=
=TABLE=DPS=T_SYS_TEMPLATE_TABLE_ROW_EXCEPTION=
=TABLE=DPS=T_SC_MENU=
=TABLE=DPS=T_SC_ROLE=
=TABLE=DPS=T_SC_ROLE_MEMBER=
=TABLE=DPS=T_SC_VCL=
=TABLE=DPS=T_SYS_TEMPLATE_FILE_ORG=
=TABLE=DPS=T_SYS_TEMPLATE_VERIFY=
=TABLE=DPS=T_SC_LOGIN_VISIT_LOG=
=TABLE=DPS=T_SC_REPORT_VISIT_LOG=
=TABLE=DPS=T_SYS_TEMPLATE_FILE_ENTITY=
=TABLE=DPS=T_SYS_TEMPLATE_TYPE=
=TABLE=DPS=T_SYS_TEMPLATE_FILE=
=TABLE=DPS=T_SYS_TEMPLATE_FILE_DEPT=
=TABLE=DPS=T_SYS_REPORT_CENTER=
=TABLE=DPS=T_SYS_TEMPLATE_TABLE_COLUMN_BAK=
=TABLE=DPS=T_SYS_PERVASIVE_CONFIG_INFO=
=TABLE=DPS=T_SYS_PERVASIVE_CONFIG_INFO_CALL_IN=
=TABLE=DPS=T_TEMPLATE_ODS_DW_ETL=
=TABLE=DPS=T_SYS_TEMPLATE_TABLE_ROW_EXCEPTION_BAK=
=TABLE=DPS=T_SYS_INDEX_PAGE_DESC=
=TABLE=DPS=MONITOR_RELATION=
=TABLE=DPS=MONITOR_ORG_MAPPING=
=TABLE=DPS=T_SYS_TEMPLATE_FILE_SHEET=
=TABLE=DPS=T_SYS_TEMPLATE_SHEET_RELATION_BAK=
=TABLE=DPS=T_THREAD_POOL_EXECUTE_LOG=
=TABLE=DPS=T_SYS_TEMPLATE=
=TABLE=DPS=TEST_KHM=
=TABLE=DPS=VERIFY_T_T=
=TABLE=DPS=T_SYS_TEMPLATE_FILE_DEPT_BAK=
=TABLE=DPS=T_SYS_TEMPLATE_FILE_ENTITY_BAK=
=TABLE=DPS=T_SYS_PERVASIVE_CONFIG_INFO_BAK=
=TABLE=DPS=T_SYS_PERVASIVE_CONFIG_INFO_CALL_IN_BAK=
=TABLE=DPS=T_DATE_CYCLE=
=TABLE=DPS=T_SP_CONFIG=
=TABLE=DPS=T_SP_RUNNING_LOG=
=TABLE=DPS=T_SP_TEMPLATE=
=TABLE=DPS=T_TASK_CONFIG=
=TABLE=DPS=T_TASK_DNNN_LOG=
=TABLE=DPS=T_JRTJ_EXTRACT_LOG=
=TABLE=DPS=T_SYS_FILE_UPLOAD_LOG=
=TABLE=DPS=T_SYS_TEMPLATE_FILE_BAK=
=TABLE=DPS=T_SYS_TEMPLATE_BAK=
=TABLE=DPS=T_SYS_TEMPLATE_FILE_SHEET_BAK=
=TABLE=DPS=T_SYS_FILE_SHEET_TEMP_BAK=
=TABLE=DPS=T_JRTJ_FISM_TASK_LIST=
=TABLE=DPS=T_SYS_FISCAL_LOCK_AUTO=
=TABLE=DPS=T_SYS_FISCAL_LOCK=
