!"DMCODE  "."AMT_INTERVAL_DIMNSN"!tab1.ixf!tab1.msg!
!"DMCODE  "."DAP_AREA_INFO_1_GX"!tab2.ixf!tab2.msg!
!"DMCODE  "."DAP_AREA_INFO_1_XJ"!tab3.ixf!tab3.msg!
!"DMCODE  "."DAP_AREA_INFO_2_GX"!tab4.ixf!tab4.msg!
!"DMCODE  "."DAP_AREA_INFO_2_XJ"!tab5.ixf!tab5.msg!
!"DMCODE  "."DAP_AREA_INFO_3_GX"!tab6.ixf!tab6.msg!
!"DMCODE  "."DAP_AREA_INFO_3_XJ"!tab7.ixf!tab7.msg!
!"DMCODE  "."DAP_DEPB_CATEGORY_1"!tab8.ixf!tab8.msg!
!"DMCODE  "."DAP_DEPB_CATEGORY_2"!tab9.ixf!tab9.msg!
!"DMCODE  "."DAP_DEPB_CATEGORY_3"!tab10.ixf!tab10.msg!
!"DMCODE  "."DAP_DEPB_PERIOD_TYPE"!tab11.ixf!tab11.msg!
!"DMCODE  "."DAP_INVESTOR_FINICL_TYPE_1"!tab12.ixf!tab12.msg!
!"DMCODE  "."DAP_INVESTOR_FINICL_TYPE_2"!tab13.ixf!tab13.msg!
!"DMCODE  "."DAP_INVESTOR_FINICL_TYPE_3"!tab14.ixf!tab14.msg!
!"DMCODE  "."DAP_LOAN_ENTPR_SIZE"!tab15.ixf!tab15.msg!
!"DMCODE  "."DAP_LOAN_INSUR_TYPE_1"!tab16.ixf!tab16.msg!
!"DMCODE  "."DAP_LOAN_INSUR_TYPE_2"!tab17.ixf!tab17.msg!
!"DMCODE  "."DAP_LOAN_PERIOD_TYPE"!tab18.ixf!tab18.msg!
!"DMCODE  "."DAP_LOAN_PRO_TYPE_1"!tab19.ixf!tab19.msg!
!"DMCODE  "."DAP_LOAN_PRO_TYPE_2"!tab20.ixf!tab20.msg!
!"DMCODE  "."DAP_LOAN_PRO_TYPE_3"!tab21.ixf!tab21.msg!
!"DMCODE  "."DAP_LOAN_PRO_TYPE_4"!tab22.ixf!tab22.msg!
!"DMCODE  "."DAP_LOAN_QUALITY"!tab23.ixf!tab23.msg!
!"DMCODE  "."DAP_NAT_ECON_INDUS_1"!tab24.ixf!tab24.msg!
!"DMCODE  "."DAP_NAT_ECON_INDUS_2"!tab25.ixf!tab25.msg!
!"DMCODE  "."DAP_NAT_ECON_INDUS_3"!tab26.ixf!tab26.msg!
!"DMCODE  "."DAP_NAT_ECON_INDUS_4"!tab27.ixf!tab27.msg!
!"DMCODE  "."DAP_ORG_GRID_1_GX"!tab28.ixf!tab28.msg!
!"DMCODE  "."DAP_ORG_GRID_2_GX"!tab29.ixf!tab29.msg!
!"DMCODE  "."DAP_ORG_GRID_3_GX"!tab30.ixf!tab30.msg!
!"DMCODE  "."DAP_ORG_LVL_1_GX"!tab31.ixf!tab31.msg!
!"DMCODE  "."DAP_ORG_LVL_2_GX"!tab32.ixf!tab32.msg!
!"DMCODE  "."DAP_ORG_LVL_3_GX"!tab33.ixf!tab33.msg!
!"DMCODE  "."DAP_ORG_TREE_1_GX"!tab34.ixf!tab34.msg!
!"DMCODE  "."DAP_ORG_TREE_1_TJ"!tab35.ixf!tab35.msg!
!"DMCODE  "."DAP_ORG_TREE_2_GX"!tab36.ixf!tab36.msg!
!"DMCODE  "."DAP_ORG_TREE_2_TJ"!tab37.ixf!tab37.msg!
!"DMCODE  "."DAP_ORG_TREE_3_GX"!tab38.ixf!tab38.msg!
!"DMCODE  "."DAP_ORG_TREE_3_TJ"!tab39.ixf!tab39.msg!
!"DMCODE  "."DAP_ORG_TREE_4_GX"!tab40.ixf!tab40.msg!
!"DMCODE  "."DAP_ORG_TREE_4_TJ"!tab41.ixf!tab41.msg!
!"DMCODE  "."DAP_ORG_TREE_5_GX"!tab42.ixf!tab42.msg!
!"DMCODE  "."DAP_ORG_TREE_5_TJ"!tab43.ixf!tab43.msg!
!"DMCODE  "."DMCODE_TEST"!tab44.ixf!tab44.msg!
!"DMCODE  "."IMP_EXP_SUM"!tab45.ixf!tab45.msg!
!"DMCODE  "."O2MCONTAINER"!tab46.ixf!tab46.msg!
!"DMCODE  "."T_AGE_RANGE"!tab47.ixf!tab47.msg!
!"DMCODE  "."T_AGRI_LOAN1_TYPE"!tab48.ixf!tab48.msg!
!"DMCODE  "."T_AGRI_RELOAN_MONITOR"!tab49.ixf!tab49.msg!
!"DMCODE  "."T_AREA_CODE"!tab50.ixf!tab50.msg!
!"DMCODE  "."T_AREA_CODE_BAK"!tab51.ixf!tab51.msg!
!"DMCODE  "."T_AREA_CODE_DIMNSN"!tab52.ixf!tab52.msg!
!"DMCODE  "."T_AREA_INFO"!tab53.ixf!tab53.msg!
!"DMCODE  "."T_AREA_INFO_1_GX_DAP"!tab54.ixf!tab54.msg!
!"DMCODE  "."T_AREA_INFO_2_GX_DAP"!tab55.ixf!tab55.msg!
!"DMCODE  "."T_AREA_INFO_DETAIL"!tab56.ixf!tab56.msg!
!"DMCODE  "."T_AREA_INFO_DTL_DETAIL"!tab57.ixf!tab57.msg!
!"DMCODE  "."T_ASSET_TYPE"!tab58.ixf!tab58.msg!
!"DMCODE  "."T_BANK_DISCOUNT_TYPE"!tab59.ixf!tab59.msg!
!"DMCODE  "."T_BIZ_TRADE_TYPE"!tab60.ixf!tab60.msg!
!"DMCODE  "."T_BORR_PBC_FUND_TYPE"!tab61.ixf!tab61.msg!
!"DMCODE  "."T_BUIL_ENTE_TYPE"!tab62.ixf!tab62.msg!
!"DMCODE  "."T_BUYOUT_ASSET_TYPE"!tab63.ixf!tab63.msg!
!"DMCODE  "."T_CAPITAL_HYTX_TYPE"!tab64.ixf!tab64.msg!
!"DMCODE  "."T_CAPITAL_INVEST_TYPE"!tab65.ixf!tab65.msg!
!"DMCODE  "."T_CAPITAL_SRC_TYPE"!tab66.ixf!tab66.msg!
!"DMCODE  "."T_CAPITAL_USAGE_TYPE"!tab67.ixf!tab67.msg!
!"DMCODE  "."T_CAPTIAL_SRC_TYPE"!tab68.ixf!tab68.msg!
!"DMCODE  "."T_CAPTIAL_USAGE_TYPE"!tab69.ixf!tab69.msg!
!"DMCODE  "."T_CAP_MGMT_AGT_FEE"!tab70.ixf!tab70.msg!
!"DMCODE  "."T_CAP_MGMT_AGT_TYPE"!tab71.ixf!tab71.msg!
!"DMCODE  "."T_CAP_MGMT_BIZ_OPER"!tab72.ixf!tab72.msg!
!"DMCODE  "."T_CAP_MGMT_BIZ_TYPE"!tab73.ixf!tab73.msg!
!"DMCODE  "."T_CASH_FLOW_TYPE"!tab74.ixf!tab74.msg!
!"DMCODE  "."T_CASH_RCPT_DSB"!tab75.ixf!tab75.msg!
!"DMCODE  "."T_CCY_TYPE"!tab76.ixf!tab76.msg!
!"DMCODE  "."T_COMMERCE_FIN_BALANCE_TYPE"!tab77.ixf!tab77.msg!
!"DMCODE  "."T_COMMERCE_FIN_DEADLINE_TYPE"!tab78.ixf!tab78.msg!
!"DMCODE  "."T_COMMERCE_FIN_DUE_TYPE"!tab79.ixf!tab79.msg!
!"DMCODE  "."T_COMMERCE_FIN_OTHER_TYPE"!tab80.ixf!tab80.msg!
!"DMCODE  "."T_COMMERCE_FIN_PRODUCT_TYPE"!tab81.ixf!tab81.msg!
!"DMCODE  "."T_COMMERCE_FIN_TYPE"!tab82.ixf!tab82.msg!
!"DMCODE  "."T_COMMERCE_FIN_USAGE_TYPE"!tab83.ixf!tab83.msg!
!"DMCODE  "."T_COMMERCE_PRODUCT_TYPE"!tab84.ixf!tab84.msg!
!"DMCODE  "."T_COMMERCIAL_BILL_TYPE"!tab85.ixf!tab85.msg!
!"DMCODE  "."T_COM_BANK_FINI_PROD_NATURE"!tab86.ixf!tab86.msg!
!"DMCODE  "."T_CON_DEP_PERIOD_TYPE"!tab87.ixf!tab87.msg!
!"DMCODE  "."T_COUNTRY_INFO"!tab88.ixf!tab88.msg!
!"DMCODE  "."T_COUN_CITI_TYPE"!tab89.ixf!tab89.msg!
!"DMCODE  "."T_CREDIT_CLASSIFICATION"!tab90.ixf!tab90.msg!
!"DMCODE  "."T_CREDIT_KPI"!tab91.ixf!tab91.msg!
!"DMCODE  "."T_CREDIT_KPI_ORDER"!tab92.ixf!tab92.msg!
!"DMCODE  "."T_CURRENCY_TYPE"!tab93.ixf!tab93.msg!
!"DMCODE  "."T_CUSTOMER_INFO"!tab94.ixf!tab94.msg!
!"DMCODE  "."T_CUSTOMER_TYPE"!tab95.ixf!tab95.msg!
!"DMCODE  "."T_CUSTOMER_TYPE_BAK"!tab96.ixf!tab96.msg!
!"DMCODE  "."T_DATA_MONTH_INFO"!tab97.ixf!tab97.msg!
!"DMCODE  "."T_DEBT_TYPE"!tab98.ixf!tab98.msg!
!"DMCODE  "."T_DEPB_CATEGORY"!tab99.ixf!tab99.msg!
!"DMCODE  "."T_DEPB_CATEGORY_TRANS"!tab100.ixf!tab100.msg!
!"DMCODE  "."T_DEPB_PERIOD_TYPE"!tab101.ixf!tab101.msg!
!"DMCODE  "."T_DEPB_PERIOD_TYPE_BAK"!tab102.ixf!tab102.msg!
!"DMCODE  "."T_DEPOSITOR_CATE"!tab103.ixf!tab103.msg!
!"DMCODE  "."T_DEPT_TYPE"!tab104.ixf!tab104.msg!
!"DMCODE  "."T_DEP_PERIOD_TYPE"!tab105.ixf!tab105.msg!
!"DMCODE  "."T_DIME_LIST_INFO"!tab106.ixf!tab106.msg!
!"DMCODE  "."T_DIME_TABLE_CONFIG"!tab107.ixf!tab107.msg!
!"DMCODE  "."T_DIM_LOAN_RATE_FILE_MONITOR"!tab108.ixf!tab108.msg!
!"DMCODE  "."T_DIM_LOAN_RATE_FILE_MONITOR_SQL"!tab109.ixf!tab109.msg!
!"DMCODE  "."T_DIM_PERIOD_RATE_FILE_MONITOR"!tab110.ixf!tab110.msg!
!"DMCODE  "."T_DISCOUNT_PERIOD_TYPE"!tab111.ixf!tab111.msg!
!"DMCODE  "."T_DISTRICT_CODE_DIMNSN"!tab112.ixf!tab112.msg!
!"DMCODE  "."T_DMCODE_BASICCONFIG_INIT"!tab113.ixf!tab113.msg!
!"DMCODE  "."T_DMCODE_BASICCONFIG_PARAM"!tab114.ixf!tab114.msg!
!"DMCODE  "."T_DMCODE_BASICCONFIG_SELINPUT"!tab115.ixf!tab115.msg!
!"DMCODE  "."T_DMCODE_BASICCONFIG_TABLE"!tab116.ixf!tab116.msg!
!"DMCODE  "."T_DOWNPAYMENT_PERCENTAGE"!tab117.ixf!tab117.msg!
!"DMCODE  "."T_ENTERPRISE_SIZE"!tab118.ixf!tab118.msg!
!"DMCODE  "."T_ENTE_QUAL_TYPE"!tab119.ixf!tab119.msg!
!"DMCODE  "."T_ENTRUSTED_LOAN"!tab120.ixf!tab120.msg!
!"DMCODE  "."T_ESTATE_LOANS"!tab121.ixf!tab121.msg!
!"DMCODE  "."T_FACTORING_BIZ_TYPE"!tab122.ixf!tab122.msg!
!"DMCODE  "."T_FINANCE_TYPE"!tab123.ixf!tab123.msg!
!"DMCODE  "."T_FINICING_TYPE"!tab124.ixf!tab124.msg!
!"DMCODE  "."T_FIN_YIELD_TYPE"!tab125.ixf!tab125.msg!
!"DMCODE  "."T_FISCAL_DAY_DIMNSN"!tab126.ixf!tab126.msg!
!"DMCODE  "."T_FISCAL_MTH_DIMNSN"!tab127.ixf!tab127.msg!
!"DMCODE  "."T_FLOAT_MONI"!tab128.ixf!tab128.msg!
!"DMCODE  "."T_FLOAT_TYPE"!tab129.ixf!tab129.msg!
!"DMCODE  "."T_FMLY_INCOME_RANGE"!tab130.ixf!tab130.msg!
!"DMCODE  "."T_FOREST_LOAN"!tab131.ixf!tab131.msg!
!"DMCODE  "."T_FOREST_LOAN_INSURE_TYPE"!tab132.ixf!tab132.msg!
!"DMCODE  "."T_FOREST_LOAN_INVEST"!tab133.ixf!tab133.msg!
!"DMCODE  "."T_FOREST_LOAN_USE"!tab134.ixf!tab134.msg!
!"DMCODE  "."T_FOREST_SRC_MTG_TYPE"!tab135.ixf!tab135.msg!
!"DMCODE  "."T_FORE_CURR_DEP_LOAN_PERIOD"!tab136.ixf!tab136.msg!
!"DMCODE  "."T_FORE_CURR_DEP_LOAN_TYPE"!tab137.ixf!tab137.msg!
!"DMCODE  "."T_FUND_LOAN_DIS_RATE"!tab138.ixf!tab138.msg!
!"DMCODE  "."T_FUTR_CASH_FLOW_TYPE"!tab139.ixf!tab139.msg!
!"DMCODE  "."T_GOLD_BIZ_TYPE"!tab140.ixf!tab140.msg!
!"DMCODE  "."T_GOODS_TYPE"!tab141.ixf!tab141.msg!
!"DMCODE  "."T_GOODS_TYPE_2"!tab142.ixf!tab142.msg!
!"DMCODE  "."T_GUOK_RCPT_DSB"!tab143.ixf!tab143.msg!
!"DMCODE  "."T_HOUSE_LOAN_NUM_TYPE"!tab144.ixf!tab144.msg!
!"DMCODE  "."T_HOUSE_UNITPRICE_RANGE"!tab145.ixf!tab145.msg!
!"DMCODE  "."T_HUKOU_TYPE"!tab146.ixf!tab146.msg!
!"DMCODE  "."T_IB_PAY"!tab147.ixf!tab147.msg!
!"DMCODE  "."T_IB_PAY_TAL"!tab148.ixf!tab148.msg!
!"DMCODE  "."T_IMP_EXP_SUM"!tab149.ixf!tab149.msg!
!"DMCODE  "."T_INDUSTRY_TYPE"!tab150.ixf!tab150.msg!
!"DMCODE  "."T_INS_HOUSE_TYPE"!tab151.ixf!tab151.msg!
!"DMCODE  "."T_INTEREST_RATE_RANGE"!tab152.ixf!tab152.msg!
!"DMCODE  "."T_INTEREST_RATE_TYPE"!tab153.ixf!tab153.msg!
!"DMCODE  "."T_INTER_BANK_BORROW_PERIOD_TYPE"!tab154.ixf!tab154.msg!
!"DMCODE  "."T_INTER_BANK_DEP_PERIOD_TYPE"!tab155.ixf!tab155.msg!
!"DMCODE  "."T_INTR_RATE_INTERVAL_TYPE"!tab156.ixf!tab156.msg!
!"DMCODE  "."T_INVESTOR_FINICL_TYPE"!tab157.ixf!tab157.msg!
!"DMCODE  "."T_INVESTOR_FINICL_TYPE_TRANS"!tab158.ixf!tab158.msg!
!"DMCODE  "."T_KPI_CODE"!tab159.ixf!tab159.msg!
!"DMCODE  "."T_KPI_NAME_MANAGE"!tab160.ixf!tab160.msg!
!"DMCODE  "."T_LEDGER_BIZ_TYPE"!tab161.ixf!tab161.msg!
!"DMCODE  "."T_LENDING_TYPES"!tab162.ixf!tab162.msg!
!"DMCODE  "."T_LOAN_DEPT"!tab163.ixf!tab163.msg!
!"DMCODE  "."T_LOAN_ENTPR_SIZE"!tab164.ixf!tab164.msg!
!"DMCODE  "."T_LOAN_FUND_TYPE_BY_CLASS"!tab165.ixf!tab165.msg!
!"DMCODE  "."T_LOAN_FUND_TYPE_BY_USE"!tab166.ixf!tab166.msg!
!"DMCODE  "."T_LOAN_INSUR_TYPE"!tab167.ixf!tab167.msg!
!"DMCODE  "."T_LOAN_INSUR_TYPE_TRANS"!tab168.ixf!tab168.msg!
!"DMCODE  "."T_LOAN_INTERE_TYPE"!tab169.ixf!tab169.msg!
!"DMCODE  "."T_LOAN_OVERDUE_TYPE"!tab170.ixf!tab170.msg!
!"DMCODE  "."T_LOAN_PERIOD_TYPE"!tab171.ixf!tab171.msg!
!"DMCODE  "."T_LOAN_PRO_TYPE"!tab172.ixf!tab172.msg!
!"DMCODE  "."T_LOAN_PRO_TYPE_TRANS"!tab173.ixf!tab173.msg!
!"DMCODE  "."T_LOAN_QUALITY"!tab174.ixf!tab174.msg!
!"DMCODE  "."T_LOAN_RELEASE_RECLAMATION"!tab175.ixf!tab175.msg!
!"DMCODE  "."T_LOAN_STATUS"!tab176.ixf!tab176.msg!
!"DMCODE  "."T_LOAN_TYPE"!tab177.ixf!tab177.msg!
!"DMCODE  "."T_MICR_LOAN_TYPE"!tab178.ixf!tab178.msg!
!"DMCODE  "."T_MONETARY_FINANCIAL"!tab179.ixf!tab179.msg!
!"DMCODE  "."T_MON_NUM_TYPE"!tab180.ixf!tab180.msg!
!"DMCODE  "."T_MTHPAY_INCOME_RATIO"!tab181.ixf!tab181.msg!
!"DMCODE  "."T_NATION_TYPE"!tab182.ixf!tab182.msg!
!"DMCODE  "."T_NAT_ECON"!tab183.ixf!tab183.msg!
!"DMCODE  "."T_NAT_ECON_BAK"!tab184.ixf!tab184.msg!
!"DMCODE  "."T_NAT_ECON_INDUS"!tab185.ixf!tab185.msg!
!"DMCODE  "."T_NAT_TRADE"!tab186.ixf!tab186.msg!
!"DMCODE  "."T_ORG_AREA_RELATION"!tab187.ixf!tab187.msg!
!"DMCODE  "."T_ORG_BIZ_LVL"!tab188.ixf!tab188.msg!
!"DMCODE  "."T_ORG_BIZ_LVL_OLD"!tab189.ixf!tab189.msg!
!"DMCODE  "."T_ORG_CAT"!tab190.ixf!tab190.msg!
!"DMCODE  "."T_ORG_DISCOUNT_TYPE"!tab191.ixf!tab191.msg!
!"DMCODE  "."T_ORG_GRID"!tab192.ixf!tab192.msg!
!"DMCODE  "."T_ORG_GRID_BACK"!tab193.ixf!tab193.msg!
!"DMCODE  "."T_ORG_INIT_CODE"!tab194.ixf!tab194.msg!
!"DMCODE  "."T_ORG_INIT_CODE_BACKUP"!tab195.ixf!tab195.msg!
!"DMCODE  "."T_ORG_LOANS_INVEST"!tab196.ixf!tab196.msg!
!"DMCODE  "."T_ORG_LVL"!tab197.ixf!tab197.msg!
!"DMCODE  "."T_ORG_NATURE_DIMNSN"!tab198.ixf!tab198.msg!
!"DMCODE  "."T_ORG_RECEIPT_TYPE"!tab199.ixf!tab199.msg!
!"DMCODE  "."T_ORG_SUB_CAT"!tab200.ixf!tab200.msg!
!"DMCODE  "."T_ORG_TREE"!tab201.ixf!tab201.msg!
!"DMCODE  "."T_ORG_TREE_07202015094821672"!tab202.ixf!tab202.msg!
!"DMCODE  "."T_ORG_TREE_2"!tab203.ixf!tab203.msg!
!"DMCODE  "."T_ORG_TREE_BACKUP"!tab204.ixf!tab204.msg!
!"DMCODE  "."T_ORG_TREE_BAK"!tab205.ixf!tab205.msg!
!"DMCODE  "."T_ORG_TREE_DETAIL"!tab206.ixf!tab206.msg!
!"DMCODE  "."T_ORG_TREE_DETAIL_PROC"!tab207.ixf!tab207.msg!
!"DMCODE  "."T_ORG_TREE_TMP"!tab208.ixf!tab208.msg!
!"DMCODE  "."T_ORG_TYPE"!tab209.ixf!tab209.msg!
!"DMCODE  "."T_ORG_TYPE_CODE"!tab210.ixf!tab210.msg!
!"DMCODE  "."T_OVERSEAS_GOLD_BIZ"!tab211.ixf!tab211.msg!
!"DMCODE  "."T_PAY_ACCOUNT_NATURE"!tab212.ixf!tab212.msg!
!"DMCODE  "."T_PAY_ACCOUNT_STATUS"!tab213.ixf!tab213.msg!
!"DMCODE  "."T_PAY_ACCOUNT_TYPE"!tab214.ixf!tab214.msg!
!"DMCODE  "."T_PAY_BUS_TYPE"!tab215.ixf!tab215.msg!
!"DMCODE  "."T_PAY_CARD_TRADE_TYPE"!tab216.ixf!tab216.msg!
!"DMCODE  "."T_PAY_CARD_TYPE"!tab217.ixf!tab217.msg!
!"DMCODE  "."T_PAY_EXPAND_TYPE"!tab218.ixf!tab218.msg!
!"DMCODE  "."T_PAY_MERCHANT_STATUS"!tab219.ixf!tab219.msg!
!"DMCODE  "."T_PAY_RADE_DIRECTION"!tab220.ixf!tab220.msg!
!"DMCODE  "."T_PAY_TRADE_STATUS"!tab221.ixf!tab221.msg!
!"DMCODE  "."T_PAY_TYPE_CODE"!tab222.ixf!tab222.msg!
!"DMCODE  "."T_PAY_TYSH_TYPE"!tab223.ixf!tab223.msg!
!"DMCODE  "."T_PAY_WL_TRADE_TYPE"!tab224.ixf!tab224.msg!
!"DMCODE  "."T_PAY_YF_TRADE_TYPE"!tab225.ixf!tab225.msg!
!"DMCODE  "."T_PAY_YHZH_TRADE_TYPE"!tab226.ixf!tab226.msg!
!"DMCODE  "."T_PERSON_HOUSE_LOAN_PERIOD_TYPE"!tab227.ixf!tab227.msg!
!"DMCODE  "."T_PERS_CONS_TYPE"!tab228.ixf!tab228.msg!
!"DMCODE  "."T_POS_TYPE_CODE"!tab229.ixf!tab229.msg!
!"DMCODE  "."T_PRIVATE_LENDING_NATURE"!tab230.ixf!tab230.msg!
!"DMCODE  "."T_PRIVATE_LENDING_PERIOD_TYPE"!tab231.ixf!tab231.msg!
!"DMCODE  "."T_PRIVATE_LENDING_RATE_INTERVAL_TYPE"!tab232.ixf!tab232.msg!
!"DMCODE  "."T_PROFIT_LOSS"!tab233.ixf!tab233.msg!
!"DMCODE  "."T_PROJ_LOAN_TYPE"!tab234.ixf!tab234.msg!
!"DMCODE  "."T_PROVINCE_NAME"!tab235.ixf!tab235.msg!
!"DMCODE  "."T_RCPT_ORG_TYPE"!tab236.ixf!tab236.msg!
!"DMCODE  "."T_REGION_CODE"!tab237.ixf!tab237.msg!
!"DMCODE  "."T_REPORT_CURRENT_MTH"!tab238.ixf!tab238.msg!
!"DMCODE  "."T_RISK_FOUR_TYPE"!tab239.ixf!tab239.msg!
!"DMCODE  "."T_RISK_TYPE"!tab240.ixf!tab240.msg!
!"DMCODE  "."T_RMB_DEP_CLASS"!tab241.ixf!tab241.msg!
!"DMCODE  "."T_RMB_DISCOUNT_TYPE"!tab242.ixf!tab242.msg!
!"DMCODE  "."T_RMB_NIM"!tab243.ixf!tab243.msg!
!"DMCODE  "."T_SHEET_DIMNSN"!tab244.ixf!tab244.msg!
!"DMCODE  "."T_SHEET_DIMNSN_BAK0820"!tab245.ixf!tab245.msg!
!"DMCODE  "."T_SMALL_RELOAN_MONITOR"!tab246.ixf!tab246.msg!
!"DMCODE  "."T_SORT_DIMNSN"!tab247.ixf!tab247.msg!
!"DMCODE  "."T_SRC_DIMNSN_MAPPING"!tab248.ixf!tab248.msg!
!"DMCODE  "."T_SRC_DIMNSN_MAPPING_BAK"!tab249.ixf!tab249.msg!
!"DMCODE  "."T_SRC_DIMNSN_MAPPING_TEST"!tab250.ixf!tab250.msg!
!"DMCODE  "."T_STABLE_PARA"!tab251.ixf!tab251.msg!
!"DMCODE  "."T_STARS_TYPE"!tab252.ixf!tab252.msg!
!"DMCODE  "."T_STATUS_REGI"!tab253.ixf!tab253.msg!
!"DMCODE  "."T_STAT_TJNJ_INFO"!tab254.ixf!tab254.msg!
!"DMCODE  "."T_STU_LOAN"!tab255.ixf!tab255.msg!
!"DMCODE  "."T_STU_LOAN_CHECK"!tab256.ixf!tab256.msg!
!"DMCODE  "."T_STU_LOAN_TYPE"!tab257.ixf!tab257.msg!
!"DMCODE  "."T_TARGET"!tab258.ixf!tab258.msg!
!"DMCODE  "."T_TRADE_DISCOUNT"!tab259.ixf!tab259.msg!
